Archive member included to satisfy reference by file (symbol)

f:/devkitpro/devkitarm/bin/../lib/gcc/arm-none-eabi/7.1.0/thumb\libgcc.a(_divsi3.o)
                              gba_math.o (__aeabi_idiv)
f:/devkitpro/devkitarm/bin/../lib/gcc/arm-none-eabi/7.1.0/thumb\libgcc.a(_dvmd_tls.o)
                              f:/devkitpro/devkitarm/bin/../lib/gcc/arm-none-eabi/7.1.0/thumb\libgcc.a(_divsi3.o) (__aeabi_idiv0)
f:/devkitpro/devkitarm/bin/../lib/gcc/arm-none-eabi/7.1.0/thumb\libgcc.a(_arm_addsubsf3.o)
                              gba_math.o (__aeabi_i2f)
f:/devkitpro/devkitarm/bin/../lib/gcc/arm-none-eabi/7.1.0/thumb\libgcc.a(_arm_muldivsf3.o)
                              gba_math.o (__aeabi_fmul)
f:/devkitpro/devkitarm/bin/../lib/gcc/arm-none-eabi/7.1.0/thumb\libgcc.a(_arm_fixsfsi.o)
                              gba_math.o (__aeabi_f2iz)
f:/devkitpro/devkitarm/bin/../lib/gcc/arm-none-eabi/7.1.0/../../../../arm-none-eabi/lib/thumb\libg.a(lib_a-init.o)
                              f:/devkitpro/devkitarm/bin/../lib/gcc/arm-none-eabi/7.1.0/../../../../arm-none-eabi/lib/thumb/gba_crt0.o (__libc_init_array)
f:/devkitpro/devkitarm/bin/../lib/gcc/arm-none-eabi/7.1.0/../../../../arm-none-eabi/lib/thumb\libg.a(lib_a-memcpy-stub.o)
                              Enemy.o (memcpy)
f:/devkitpro/devkitarm/bin/../lib/gcc/arm-none-eabi/7.1.0/../../../../arm-none-eabi/lib/thumb\libsysbase.a(malloc_vars.o)
                              f:/devkitpro/devkitarm/bin/../lib/gcc/arm-none-eabi/7.1.0/../../../../arm-none-eabi/lib/thumb/gba_crt0.o (fake_heap_end)

Allocating common symbols
Common symbol       size              file

enemyArray          0xc0              main.o
TileArray           0x80              Enemy.o
SpriteArray         0x10              Enemy.o
bTileArray          0x400             Enemy.o
g_PlayerObj         0x4               main.o

Discarded input sections

 .text          0x00000000        0x0 f:/devkitpro/devkitarm/bin/../lib/gcc/arm-none-eabi/7.1.0/../../../../arm-none-eabi/lib/thumb/gba_crt0.o
 .data          0x00000000        0x0 f:/devkitpro/devkitarm/bin/../lib/gcc/arm-none-eabi/7.1.0/../../../../arm-none-eabi/lib/thumb/gba_crt0.o
 .bss           0x00000000        0x0 f:/devkitpro/devkitarm/bin/../lib/gcc/arm-none-eabi/7.1.0/../../../../arm-none-eabi/lib/thumb/gba_crt0.o
 .text          0x00000000        0x0 f:/devkitpro/devkitarm/bin/../lib/gcc/arm-none-eabi/7.1.0/thumb/crti.o
 .data          0x00000000        0x0 f:/devkitpro/devkitarm/bin/../lib/gcc/arm-none-eabi/7.1.0/thumb/crti.o
 .bss           0x00000000        0x0 f:/devkitpro/devkitarm/bin/../lib/gcc/arm-none-eabi/7.1.0/thumb/crti.o
 .text          0x00000000        0x0 f:/devkitpro/devkitarm/bin/../lib/gcc/arm-none-eabi/7.1.0/thumb/crtbegin.o
 .data          0x00000000        0x0 f:/devkitpro/devkitarm/bin/../lib/gcc/arm-none-eabi/7.1.0/thumb/crtbegin.o
 .bss           0x00000000        0x0 f:/devkitpro/devkitarm/bin/../lib/gcc/arm-none-eabi/7.1.0/thumb/crtbegin.o
 .data.__dso_handle
                0x00000000        0x4 f:/devkitpro/devkitarm/bin/../lib/gcc/arm-none-eabi/7.1.0/thumb/crtbegin.o
 .text          0x00000000        0x0 BG_Collisions.o
 .data          0x00000000        0x0 BG_Collisions.o
 .bss           0x00000000        0x0 BG_Collisions.o
 .rodata        0x00000000    0x10000 BG_Collisions.o
 .text          0x00000000        0x0 BG_Maps.o
 .data          0x00000000        0x0 BG_Maps.o
 .bss           0x00000000        0x0 BG_Maps.o
 .text          0x00000000        0x0 BG_Palette.o
 .data          0x00000000        0x0 BG_Palette.o
 .bss           0x00000000        0x0 BG_Palette.o
 .text          0x00000000        0x0 BG_Tiles.o
 .data          0x00000000        0x0 BG_Tiles.o
 .bss           0x00000000        0x0 BG_Tiles.o
 .data          0x00000000        0x0 Collision.o
 .bss           0x00000000        0x0 Collision.o
 .data          0x00000000        0x0 Enemy.o
 .data          0x00000000        0x0 MemoryManager.o
 .bss           0x00000000        0x0 MemoryManager.o
 .data          0x00000000        0x0 ParticleSystem.o
 .data          0x00000000        0x0 Player.o
 .data          0x00000000        0x0 Projectile.o
 .bss           0x00000000        0x0 Projectile.o
 .data          0x00000000        0x0 fv2.o
 .bss           0x00000000        0x0 fv2.o
 .text          0x00000000      0x19c gba_drawing.o
 .data          0x00000000        0x0 gba_drawing.o
 .bss           0x00000000        0x0 gba_drawing.o
 .rodata        0x00000000        0x4 gba_gfx.o
 .text          0x00000000       0x34 gba_input.o
 .data          0x00000000        0x0 gba_input.o
 .data          0x00000000        0x0 gba_math.o
 .bss           0x00000000        0x0 gba_math.o
 .bss           0x00000000        0x0 gba_mathUtil.o
 .text          0x00000000        0x0 sinlut.o
 .data          0x00000000        0x0 sinlut.o
 .bss           0x00000000        0x0 sinlut.o
 .text          0x00000000        0x0 CharacterSheet.o
 .data          0x00000000        0x0 CharacterSheet.o
 .bss           0x00000000        0x0 CharacterSheet.o
 .text          0x00000000        0x0 EmberParticle.o
 .data          0x00000000        0x0 EmberParticle.o
 .bss           0x00000000        0x0 EmberParticle.o
 .text          0x00000000        0x0 HFireball.o
 .data          0x00000000        0x0 HFireball.o
 .bss           0x00000000        0x0 HFireball.o
 .text          0x00000000        0x0 Knight.o
 .data          0x00000000        0x0 Knight.o
 .bss           0x00000000        0x0 Knight.o
 .text          0x00000000        0x0 Mage.o
 .data          0x00000000        0x0 Mage.o
 .bss           0x00000000        0x0 Mage.o
 .rodata        0x00000000     0x1820 Mage.o
 .text          0x00000000        0x0 TitleScreen.o
 .data          0x00000000        0x0 TitleScreen.o
 .bss           0x00000000        0x0 TitleScreen.o
 .text          0x00000000        0x0 VFireball.o
 .data          0x00000000        0x0 VFireball.o
 .bss           0x00000000        0x0 VFireball.o
 .data          0x00000000        0x0 f:/devkitpro/devkitarm/bin/../lib/gcc/arm-none-eabi/7.1.0/thumb\libgcc.a(_divsi3.o)
 .bss           0x00000000        0x0 f:/devkitpro/devkitarm/bin/../lib/gcc/arm-none-eabi/7.1.0/thumb\libgcc.a(_divsi3.o)
 .data          0x00000000        0x0 f:/devkitpro/devkitarm/bin/../lib/gcc/arm-none-eabi/7.1.0/thumb\libgcc.a(_dvmd_tls.o)
 .bss           0x00000000        0x0 f:/devkitpro/devkitarm/bin/../lib/gcc/arm-none-eabi/7.1.0/thumb\libgcc.a(_dvmd_tls.o)
 .data          0x00000000        0x0 f:/devkitpro/devkitarm/bin/../lib/gcc/arm-none-eabi/7.1.0/thumb\libgcc.a(_arm_addsubsf3.o)
 .bss           0x00000000        0x0 f:/devkitpro/devkitarm/bin/../lib/gcc/arm-none-eabi/7.1.0/thumb\libgcc.a(_arm_addsubsf3.o)
 .data          0x00000000        0x0 f:/devkitpro/devkitarm/bin/../lib/gcc/arm-none-eabi/7.1.0/thumb\libgcc.a(_arm_muldivsf3.o)
 .bss           0x00000000        0x0 f:/devkitpro/devkitarm/bin/../lib/gcc/arm-none-eabi/7.1.0/thumb\libgcc.a(_arm_muldivsf3.o)
 .data          0x00000000        0x0 f:/devkitpro/devkitarm/bin/../lib/gcc/arm-none-eabi/7.1.0/thumb\libgcc.a(_arm_fixsfsi.o)
 .bss           0x00000000        0x0 f:/devkitpro/devkitarm/bin/../lib/gcc/arm-none-eabi/7.1.0/thumb\libgcc.a(_arm_fixsfsi.o)
 .text          0x00000000        0x0 f:/devkitpro/devkitarm/bin/../lib/gcc/arm-none-eabi/7.1.0/../../../../arm-none-eabi/lib/thumb\libg.a(lib_a-init.o)
 .data          0x00000000        0x0 f:/devkitpro/devkitarm/bin/../lib/gcc/arm-none-eabi/7.1.0/../../../../arm-none-eabi/lib/thumb\libg.a(lib_a-init.o)
 .bss           0x00000000        0x0 f:/devkitpro/devkitarm/bin/../lib/gcc/arm-none-eabi/7.1.0/../../../../arm-none-eabi/lib/thumb\libg.a(lib_a-init.o)
 .text          0x00000000        0x0 f:/devkitpro/devkitarm/bin/../lib/gcc/arm-none-eabi/7.1.0/../../../../arm-none-eabi/lib/thumb\libg.a(lib_a-memcpy-stub.o)
 .data          0x00000000        0x0 f:/devkitpro/devkitarm/bin/../lib/gcc/arm-none-eabi/7.1.0/../../../../arm-none-eabi/lib/thumb\libg.a(lib_a-memcpy-stub.o)
 .bss           0x00000000        0x0 f:/devkitpro/devkitarm/bin/../lib/gcc/arm-none-eabi/7.1.0/../../../../arm-none-eabi/lib/thumb\libg.a(lib_a-memcpy-stub.o)
 .text          0x00000000        0x0 f:/devkitpro/devkitarm/bin/../lib/gcc/arm-none-eabi/7.1.0/../../../../arm-none-eabi/lib/thumb\libsysbase.a(malloc_vars.o)
 .data          0x00000000        0x0 f:/devkitpro/devkitarm/bin/../lib/gcc/arm-none-eabi/7.1.0/../../../../arm-none-eabi/lib/thumb\libsysbase.a(malloc_vars.o)
 .bss           0x00000000        0x0 f:/devkitpro/devkitarm/bin/../lib/gcc/arm-none-eabi/7.1.0/../../../../arm-none-eabi/lib/thumb\libsysbase.a(malloc_vars.o)
 .bss.fake_heap_start
                0x00000000        0x4 f:/devkitpro/devkitarm/bin/../lib/gcc/arm-none-eabi/7.1.0/../../../../arm-none-eabi/lib/thumb\libsysbase.a(malloc_vars.o)
 .text          0x00000000        0x0 f:/devkitpro/devkitarm/bin/../lib/gcc/arm-none-eabi/7.1.0/thumb/crtend.o
 .data          0x00000000        0x0 f:/devkitpro/devkitarm/bin/../lib/gcc/arm-none-eabi/7.1.0/thumb/crtend.o
 .bss           0x00000000        0x0 f:/devkitpro/devkitarm/bin/../lib/gcc/arm-none-eabi/7.1.0/thumb/crtend.o
 .text          0x00000000        0x0 f:/devkitpro/devkitarm/bin/../lib/gcc/arm-none-eabi/7.1.0/thumb/crtn.o
 .data          0x00000000        0x0 f:/devkitpro/devkitarm/bin/../lib/gcc/arm-none-eabi/7.1.0/thumb/crtn.o
 .bss           0x00000000        0x0 f:/devkitpro/devkitarm/bin/../lib/gcc/arm-none-eabi/7.1.0/thumb/crtn.o

Memory Configuration

Name             Origin             Length             Attributes
rom              0x08000000         0x02000000
iwram            0x03000000         0x00008000
ewram            0x02000000         0x00040000
*default*        0x00000000         0xffffffff

Linker script and memory map

                0x08000000                __text_start = ORIGIN (rom)
                0x02040000                __eheap_end = (ORIGIN (ewram) + LENGTH (ewram))
                0x03000000                __iwram_start = ORIGIN (iwram)
                0x03008000                __iwram_top = (ORIGIN (iwram) + LENGTH (iwram))
                0x03007fa0                __sp_irq = (__iwram_top - 0x60)
                0x03007f00                __sp_usr = (__sp_irq - 0xa0)
                0x03007ff8                __irq_flags = 0x3007ff8
                0x08000000                . = __text_start

.crt0           0x08000000      0x210
 *(.crt0)
 .crt0          0x08000000      0x210 f:/devkitpro/devkitarm/bin/../lib/gcc/arm-none-eabi/7.1.0/../../../../arm-none-eabi/lib/thumb/gba_crt0.o
                0x08000000                _start
                0x080000c4                __boot_method
                0x080000c5                __slave_number
                0x080000e0                start_vector
                0x08000210                . = ALIGN (0x4)

.init           0x08000210        0xc
 *(SORT(.init))
 .init          0x08000210        0x4 f:/devkitpro/devkitarm/bin/../lib/gcc/arm-none-eabi/7.1.0/thumb/crti.o
                0x08000210                _init
 .init          0x08000214        0x8 f:/devkitpro/devkitarm/bin/../lib/gcc/arm-none-eabi/7.1.0/thumb/crtn.o

.plt            0x0800021c        0x0
 *(.plt)
                0x0800021c                . = ALIGN (0x4)

.text           0x08000220     0x2dd0
 *(EXCLUDE_FILE(*.iwram*) .text)
 .text          0x08000220       0x88 Collision.o
                0x08000220                AABBDynCollision
                0x08000260                AABBStaticCollision
                0x080002a0                DynCircleCollision
                0x080002a4                StaticCircleCollision
 .text          0x080002a8      0x90c Enemy.o
                0x080002a8                InitialiseEnemies
                0x080002f0                SpawnKnight
                0x080003fc                DamageKnight
                0x08000428                KnightWalk
                0x08000474                KnightAnimator
                0x080004d0                UpdateKnight
 .text          0x08000bb4      0x170 MemoryManager.o
                0x08000bb4                InitManager
                0x08000bf4                GetFreeTile
                0x08000c1c                GetFreeTileWSpace
                0x08000c64                TagTile
                0x08000c80                DropTile
                0x08000c9c                GetFreeSprite
                0x08000cdc                TagSprite
                0x08000d04                DropSprite
 .text          0x08000d24      0x258 ParticleSystem.o
                0x08000d24                InitEmitter
                0x08000d3c                InitParticle
                0x08000df8                EmitParticle
                0x08000eac                UpdateParticle
                0x08000f74                SetParticleSprite
 .text          0x08000f7c      0x9cc Player.o
                0x08000f7c                InitialisePlayer
                0x08001090                SpriteWalk
                0x08001100                SpriteRun
                0x08001170                PlayerAnimator
                0x08001218                PlayerShoot
                0x0800129c                HandleGameInput
                0x08001934                SetPlayerSprite
                0x0800193c                DamagePlayer
 .text          0x08001948      0x59c Projectile.o
                0x08001948                SetDamage
                0x08001950                Fire
                0x08001b84                SetProjectileSprite
                0x08001b8c                InitialiseProjectile
                0x08001c4c                UpdateProjectile
 .text          0x08001ee4       0xf8 fv2.o
                0x08001ee4                fv2Create
                0x08001eec                fvAdd
                0x08001f1c                fvSub
                0x08001f4c                fvMul
                0x08001f7c                fvDiv
                0x08001fac                fvInvert
 .text          0x08001fdc      0x2bc gba_gfx.o
                0x08001fdc                vsync
                0x08001ff4                page_flip
                0x08002014                tile_block_address
                0x08002020                tileMap_block_address
                0x0800202c                sprite_tile_block_address
                0x0800203c                setBG_Control_Register
                0x08002094                palette_bg_block_address
                0x080020a0                palette_sp_block_address
                0x080020b0                SetAttrib0
                0x080020f0                SetAttrib1
                0x08002108                SetAttrib1AffineIndex
                0x08002120                SetAttrib2
                0x08002138                SetObjectPosition
                0x08002154                SetObjectvPosition
                0x08002194                obj_hide
                0x080021a8                obj_unhide
                0x080021c0                oam_init
                0x08002210                oam_copy
                0x08002234                obj_aff_identity
                0x0800224c                obj_aff_rotscale
 .text          0x08002298       0x90 gba_math.o
                0x08002298                int2fix
                0x0800229c                float2fix
                0x080022b0                fix2uint
                0x080022b4                fix2ufrac
                0x080022bc                fix2int
                0x080022cc                fix2float
                0x080022e0                fixAdd
                0x080022e4                fixSub
                0x080022e8                fixMul
                0x080022f4                fixDiv
                0x08002304                lu_sin
                0x08002314                lu_cos
 .text          0x08002328       0x80 gba_mathUtil.o
                0x08002328                sqran
                0x08002338                qran
                0x0800235c                qran_range
                0x08002390                sign
                0x080023a0                abs
 .text          0x080023a8      0x23c main.o
                0x080023a8                LoadMap
                0x08002470                InitMain
                0x08002504                MoveMap
 .text          0x080025e4      0x150 f:/devkitpro/devkitarm/bin/../lib/gcc/arm-none-eabi/7.1.0/thumb\libgcc.a(_divsi3.o)
                0x080025e4                __divsi3
                0x080025e4                __aeabi_idiv
                0x08002714                __aeabi_idivmod
 .text          0x08002734        0x4 f:/devkitpro/devkitarm/bin/../lib/gcc/arm-none-eabi/7.1.0/thumb\libgcc.a(_dvmd_tls.o)
                0x08002734                __aeabi_idiv0
                0x08002734                __aeabi_ldiv0
 .text          0x08002738      0x2ac f:/devkitpro/devkitarm/bin/../lib/gcc/arm-none-eabi/7.1.0/thumb\libgcc.a(_arm_addsubsf3.o)
                0x08002738                __aeabi_frsub
                0x08002740                __subsf3
                0x08002740                __aeabi_fsub
                0x08002744                __aeabi_fadd
                0x08002744                __addsf3
                0x08002900                __aeabi_ui2f
                0x08002900                __floatunsisf
                0x08002908                __aeabi_i2f
                0x08002908                __floatsisf
                0x08002928                __aeabi_ul2f
                0x08002928                __floatundisf
                0x08002938                __aeabi_l2f
                0x08002938                __floatdisf
 .text          0x080029e4      0x2f8 f:/devkitpro/devkitarm/bin/../lib/gcc/arm-none-eabi/7.1.0/thumb\libgcc.a(_arm_muldivsf3.o)
                0x080029e4                __mulsf3
                0x080029e4                __aeabi_fmul
                0x08002b7c                __aeabi_fdiv
                0x08002b7c                __divsf3
 .text          0x08002cdc       0x5c f:/devkitpro/devkitarm/bin/../lib/gcc/arm-none-eabi/7.1.0/thumb\libgcc.a(_arm_fixsfsi.o)
                0x08002cdc                __aeabi_f2iz
                0x08002cdc                __fixsfsi
 *(.text .stub .text.* .gnu.linkonce.t.*)
 .text.deregister_tm_clones
                0x08002d38       0x2c f:/devkitpro/devkitarm/bin/../lib/gcc/arm-none-eabi/7.1.0/thumb/crtbegin.o
 .text.register_tm_clones
                0x08002d64       0x34 f:/devkitpro/devkitarm/bin/../lib/gcc/arm-none-eabi/7.1.0/thumb/crtbegin.o
 .text.__do_global_dtors_aux
                0x08002d98       0x30 f:/devkitpro/devkitarm/bin/../lib/gcc/arm-none-eabi/7.1.0/thumb/crtbegin.o
 .text.frame_dummy
                0x08002dc8       0x28 f:/devkitpro/devkitarm/bin/../lib/gcc/arm-none-eabi/7.1.0/thumb/crtbegin.o
 .text.startup  0x08002df0       0xf0 main.o
                0x08002df0                main
 .text.__libc_init_array
                0x08002ee0       0x54 f:/devkitpro/devkitarm/bin/../lib/gcc/arm-none-eabi/7.1.0/../../../../arm-none-eabi/lib/thumb\libg.a(lib_a-init.o)
                0x08002ee0                __libc_init_array
 .text.memcpy   0x08002f34       0x8c f:/devkitpro/devkitarm/bin/../lib/gcc/arm-none-eabi/7.1.0/../../../../arm-none-eabi/lib/thumb\libg.a(lib_a-memcpy-stub.o)
                0x08002f34                memcpy
 .text.memcpy.__stub
                0x08002fc0       0x2c linker stubs
 *(.text.*personality*)
 *(.gnu.warning)
 *(.glue_7t)
 .glue_7t       0x08002ff0        0x0 linker stubs
 *(.glue_7)
 .glue_7        0x08002ff0        0x0 linker stubs
 *(.vfp11_veneer)
 .vfp11_veneer  0x08002ff0        0x0 linker stubs
                0x08002ff0                . = ALIGN (0x4)
                0x08002ff0                __text_end = .

.v4_bx          0x08002ff0        0x0
 .v4_bx         0x08002ff0        0x0 linker stubs

.iplt           0x08002ff0        0x0
 .iplt          0x08002ff0        0x0 f:/devkitpro/devkitarm/bin/../lib/gcc/arm-none-eabi/7.1.0/../../../../arm-none-eabi/lib/thumb/gba_crt0.o

.fini           0x08002ff0        0xc
 *(.fini)
 .fini          0x08002ff0        0x4 f:/devkitpro/devkitarm/bin/../lib/gcc/arm-none-eabi/7.1.0/thumb/crti.o
                0x08002ff0                _fini
 .fini          0x08002ff4        0x8 f:/devkitpro/devkitarm/bin/../lib/gcc/arm-none-eabi/7.1.0/thumb/crtn.o
                0x08002ffc                . = ALIGN (0x4)

.rodata         0x08002ffc    0x26f10
 *(.rodata)
 .rodata        0x08002ffc    0x10000 BG_Maps.o
                0x08002ffc                bgMap
 .rodata        0x08012ffc      0x200 BG_Palette.o
                0x08012ffc                bgPalette
 .rodata        0x080131fc      0x420 BG_Tiles.o
                0x080131fc                bgTiles
 .rodata        0x0801361c       0x50 Player.o
 .rodata        0x0801366c      0x400 sinlut.o
                0x0801366c                sin_lut
 .rodata        0x08013a6c     0x1820 CharacterSheet.o
                0x08013a6c                CharacterSheetPal
                0x08013a8c                CharacterSheetTiles
 .rodata        0x0801528c      0x420 EmberParticle.o
                0x0801528c                EmberParticlePal
                0x080152ac                EmberParticleTiles
 .rodata        0x080156ac      0x220 HFireball.o
                0x080156ac                HFireballPal
                0x080156cc                HFireballTiles
 .rodata        0x080158cc     0x1820 Knight.o
                0x080158cc                KnightPal
                0x080158ec                KnightTiles
 .rodata        0x080170ec    0x12c00 TitleScreen.o
                0x080170ec                TitleScreenBitmap
 .rodata        0x08029cec      0x220 VFireball.o
                0x08029cec                VFireballPal
                0x08029d0c                VFireballTiles
 *all.rodata*(*)
 *(.roda)
 *(.rodata.*)
 *(.gnu.linkonce.r*)
                0x08029f0c                . = ALIGN (0x4)

.ARM.extab
 *(.ARM.extab* .gnu.linkonce.armextab.*)
                0x08029f0c                __exidx_start = .

.ARM.exidx
 *(.ARM.exidx* .gnu.linkonce.armexidx.*)
                0x08029f0c                __exidx_end = .

.ctors          0x08029f0c        0x0
 *crtbegin.o(.ctors)
 *(EXCLUDE_FILE(*crtend.o) .ctors)
 *(SORT(.ctors.*))
 *(.ctors)
                0x08029f0c                . = ALIGN (0x4)

.dtors          0x08029f0c        0x0
 *crtbegin.o(.dtors)
 *(EXCLUDE_FILE(*crtend.o) .dtors)
 *(SORT(.dtors.*))
 *(.dtors)
                0x08029f0c                . = ALIGN (0x4)

.eh_frame       0x08029f0c        0x4
 *(.eh_frame)
 .eh_frame      0x08029f0c        0x0 f:/devkitpro/devkitarm/bin/../lib/gcc/arm-none-eabi/7.1.0/thumb/crtbegin.o
 .eh_frame      0x08029f0c        0x4 f:/devkitpro/devkitarm/bin/../lib/gcc/arm-none-eabi/7.1.0/thumb/crtend.o
                0x08029f10                . = ALIGN (0x4)

.rel.dyn        0x08029f10        0x0
 .rel.iplt      0x08029f10        0x0 f:/devkitpro/devkitarm/bin/../lib/gcc/arm-none-eabi/7.1.0/../../../../arm-none-eabi/lib/thumb/gba_crt0.o

.gcc_except_table
                0x08029f10        0x0
 *(.gcc_except_table)
                0x08029f10                . = ALIGN (0x4)
                0x08029f10                __iwram_lma = .

.iwram          0x03000000        0x0 load address 0x08029f10
                0x03000000                __iwram_start__ = ABSOLUTE (.)
 *(.iwram)
 *iwram.*(.text)
                0x03000000                . = ALIGN (0x4)
                0x03000000                __iwram_end__ = ABSOLUTE (.)
                0x08029f10                __data_lma = (__iwram_lma + SIZEOF (.iwram))

.bss            0x03000000      0x988
                0x03000000                __bss_start = ABSOLUTE (.)
                0x03000000                __bss_start__ = ABSOLUTE (.)
 *(.dynbss)
 *(.gnu.linkonce.b*)
 *(.bss*)
 .bss.completed.6484
                0x03000000        0x1 f:/devkitpro/devkitarm/bin/../lib/gcc/arm-none-eabi/7.1.0/thumb/crtbegin.o
 *fill*         0x03000001        0x3 
 .bss.object.6489
                0x03000004       0x18 f:/devkitpro/devkitarm/bin/../lib/gcc/arm-none-eabi/7.1.0/thumb/crtbegin.o
 .bss           0x0300001c        0x1 Enemy.o
                0x0300001c                knightAnimated
 *fill*         0x0300001d        0x3 
 .bss           0x03000020        0x4 ParticleSystem.o
                0x03000020                counter
 .bss           0x03000024        0x1 Player.o
                0x03000024                animated
 *fill*         0x03000025        0x3 
 .bss           0x03000028      0x400 gba_gfx.o
                0x03000028                obj_buffer
 .bss           0x03000428        0x4 gba_input.o
                0x03000428                __currKeys
                0x0300042a                __prevKeys
 .bss           0x0300042c        0x4 main.o
                0x0300042c                g_enemyArray
 .bss.fake_heap_end
                0x03000430        0x4 f:/devkitpro/devkitarm/bin/../lib/gcc/arm-none-eabi/7.1.0/../../../../arm-none-eabi/lib/thumb\libsysbase.a(malloc_vars.o)
                0x03000430                fake_heap_end
 *(COMMON)
 COMMON         0x03000434      0x490 Enemy.o
                0x03000434                TileArray
                0x030004b4                SpriteArray
                0x030004c4                bTileArray
 COMMON         0x030008c4       0xc4 main.o
                0x030008c4                enemyArray
                0x03000984                g_PlayerObj
                0x03000988                . = ALIGN (0x4)
                0x03000988                __bss_end__ = ABSOLUTE (.)

.data           0x03000988       0x14 load address 0x08029f10
                0x03000988                __data_start__ = ABSOLUTE (.)
 *(.data)
 .data          0x03000988        0x4 gba_gfx.o
                0x03000988                vid_page
 .data          0x0300098c        0x4 gba_mathUtil.o
                0x0300098c                __qran_seed
 .data          0x03000990        0xc main.o
                0x03000990                g_mapLocPointer
                0x03000994                g_mapPos
 *(.data.*)
 *(.gnu.linkonce.d*)
                0x0300099c                . = ALIGN (0x4)
                0x08029f24                __preinit_lma = (__data_lma + SIZEOF (.data))

.igot.plt       0x0300099c        0x0 load address 0x08029f24
 .igot.plt      0x0300099c        0x0 f:/devkitpro/devkitarm/bin/../lib/gcc/arm-none-eabi/7.1.0/../../../../arm-none-eabi/lib/thumb/gba_crt0.o

.tm_clone_table
                0x0300099c        0x0 load address 0x08029f24
 .tm_clone_table
                0x0300099c        0x0 f:/devkitpro/devkitarm/bin/../lib/gcc/arm-none-eabi/7.1.0/thumb/crtbegin.o
 .tm_clone_table
                0x0300099c        0x0 f:/devkitpro/devkitarm/bin/../lib/gcc/arm-none-eabi/7.1.0/thumb/crtend.o

.preinit_array  0x0300099c        0x0 load address 0x08029f24
                0x0300099c                __preinit_array_start = ABSOLUTE (.)
 *(.preinit_array)
                0x0300099c                __preinit_array_end = ABSOLUTE (.)
                0x08029f24                __init_lma = (__preinit_lma + SIZEOF (.preinit_array))

.init_array     0x0300099c        0x4 load address 0x08029f24
                0x0300099c                __init_array_start = ABSOLUTE (.)
 *(SORT(.init_array.*))
 *(.init_array)
 .init_array    0x0300099c        0x4 f:/devkitpro/devkitarm/bin/../lib/gcc/arm-none-eabi/7.1.0/thumb/crtbegin.o
                0x030009a0                __init_array_end = ABSOLUTE (.)
                0x08029f28                __fini_lma = (__init_lma + SIZEOF (.init_array))

.fini_array     0x030009a0        0x4 load address 0x08029f28
                0x030009a0                __fini_array_start = ABSOLUTE (.)
 *(SORT(.fini_array.*))
 *(.fini_array)
 .fini_array    0x030009a0        0x4 f:/devkitpro/devkitarm/bin/../lib/gcc/arm-none-eabi/7.1.0/thumb/crtbegin.o
                0x030009a4                __fini_array_end = ABSOLUTE (.)
                0x08029f2c                __jcr_lma = (__fini_lma + SIZEOF (.fini_array))

.jcr            0x030009a4        0x0 load address 0x08029f2c
 *(.jcr)
                0x030009a4                __data_end__ = ABSOLUTE (.)
                0x08029f2c                __iwram_overlay_lma = (__jcr_lma + SIZEOF (.jcr))
                0x030009a4                __iwram_overlay_start = .

.iwram0         0x030009a4        0x0 load address 0x08029f2c
 *(.iwram0)
                0x030009a4                . = ALIGN (0x4)
                0x08029f2c                PROVIDE (__load_start_iwram0, LOADADDR (.iwram0))
                0x08029f2c                PROVIDE (__load_stop_iwram0, (LOADADDR (.iwram0) + SIZEOF (.iwram0)))

.iwram1         0x030009a4        0x0
 *(.iwram1)
                0x030009a4                . = ALIGN (0x4)
                [!provide]                PROVIDE (__load_start_iwram1, LOADADDR (.iwram1))
                [!provide]                PROVIDE (__load_stop_iwram1, (LOADADDR (.iwram1) + SIZEOF (.iwram1)))

.iwram2         0x030009a4        0x0
 *(.iwram2)
                0x030009a4                . = ALIGN (0x4)
                [!provide]                PROVIDE (__load_start_iwram2, LOADADDR (.iwram2))
                [!provide]                PROVIDE (__load_stop_iwram2, (LOADADDR (.iwram2) + SIZEOF (.iwram2)))

.iwram3         0x030009a4        0x0
 *(.iwram3)
                0x030009a4                . = ALIGN (0x4)
                [!provide]                PROVIDE (__load_start_iwram3, LOADADDR (.iwram3))
                [!provide]                PROVIDE (__load_stop_iwram3, (LOADADDR (.iwram3) + SIZEOF (.iwram3)))

.iwram4         0x030009a4        0x0
 *(.iwram4)
                0x030009a4                . = ALIGN (0x4)
                [!provide]                PROVIDE (__load_start_iwram4, LOADADDR (.iwram4))
                [!provide]                PROVIDE (__load_stop_iwram4, (LOADADDR (.iwram4) + SIZEOF (.iwram4)))

.iwram5         0x030009a4        0x0
 *(.iwram5)
                0x030009a4                . = ALIGN (0x4)
                [!provide]                PROVIDE (__load_start_iwram5, LOADADDR (.iwram5))
                [!provide]                PROVIDE (__load_stop_iwram5, (LOADADDR (.iwram5) + SIZEOF (.iwram5)))

.iwram6         0x030009a4        0x0
 *(.iwram6)
                0x030009a4                . = ALIGN (0x4)
                [!provide]                PROVIDE (__load_start_iwram6, LOADADDR (.iwram6))
                [!provide]                PROVIDE (__load_stop_iwram6, (LOADADDR (.iwram6) + SIZEOF (.iwram6)))

.iwram7         0x030009a4        0x0
 *(.iwram7)
                0x030009a4                . = ALIGN (0x4)
                [!provide]                PROVIDE (__load_start_iwram7, LOADADDR (.iwram7))
                [!provide]                PROVIDE (__load_stop_iwram7, (LOADADDR (.iwram7) + SIZEOF (.iwram7)))

.iwram8         0x030009a4        0x0
 *(.iwram8)
                0x030009a4                . = ALIGN (0x4)
                [!provide]                PROVIDE (__load_start_iwram8, LOADADDR (.iwram8))
                [!provide]                PROVIDE (__load_stop_iwram8, (LOADADDR (.iwram8) + SIZEOF (.iwram8)))

.iwram9         0x030009a4        0x0
 *(.iwram9)
                0x030009a4                . = ALIGN (0x4)
                [!provide]                PROVIDE (__load_start_iwram9, LOADADDR (.iwram9))
                [!provide]                PROVIDE (__load_stop_iwram9, (LOADADDR (.iwram9) + SIZEOF (.iwram9)))
                0x030009a4                __iwram_overlay_end = .
                0x08029f2c                __ewram_lma = (__iwram_overlay_lma + (__iwram_overlay_end - __iwram_overlay_start))
                0x030009a4                __iheap_start = .
                0x02000000                __ewram_start = ORIGIN (ewram)

.ewram          0x02000000        0x0 load address 0x08029f2c
 *(.ewram)
                0x02000000                . = ALIGN (0x4)
                0x02000000                __ewram_end = ABSOLUTE (.)
                0x08029f2c                __pad_lma = (__ewram_lma + SIZEOF (.ewram))

.sbss           0x02000000        0x0
                0x02000000                __sbss_start__ = ABSOLUTE (.)
 *(.sbss)
                0x02000000                . = ALIGN (0x4)
                0x02000000                __sbss_end__ = ABSOLUTE (.)
                0x02000000                __end__ = ABSOLUTE (.)
                0x02000000                __eheap_start = ABSOLUTE (.)

.pad            0x02000000        0x8 load address 0x08029f2c
                0x02000000        0x4 LONG 0x52416b64
                0x02000004        0x4 LONG 0x4d
                0x02000008                . = ALIGN (0x4)
                0x08029f34                __rom_end__ = (__pad_lma + SIZEOF (.pad))

.stab
 *(.stab)

.stabstr
 *(.stabstr)

.stab.excl
 *(.stab.excl)

.stab.exclstr
 *(.stab.exclstr)

.stab.index
 *(.stab.index)

.stab.indexstr
 *(.stab.indexstr)

.comment        0x00000000       0x22
 *(.comment)
 .comment       0x00000000       0x22 f:/devkitpro/devkitarm/bin/../lib/gcc/arm-none-eabi/7.1.0/thumb/crtbegin.o
                                 0x23 (size before relaxing)
 .comment       0x00000022       0x23 BG_Collisions.o
 .comment       0x00000022       0x23 BG_Maps.o
 .comment       0x00000022       0x23 BG_Palette.o
 .comment       0x00000022       0x23 BG_Tiles.o
 .comment       0x00000022       0x23 Collision.o
 .comment       0x00000022       0x23 Enemy.o
 .comment       0x00000022       0x23 MemoryManager.o
 .comment       0x00000022       0x23 ParticleSystem.o
 .comment       0x00000022       0x23 Player.o
 .comment       0x00000022       0x23 Projectile.o
 .comment       0x00000022       0x23 fv2.o
 .comment       0x00000022       0x23 gba_drawing.o
 .comment       0x00000022       0x23 gba_gfx.o
 .comment       0x00000022       0x23 gba_input.o
 .comment       0x00000022       0x23 gba_math.o
 .comment       0x00000022       0x23 gba_mathUtil.o
 .comment       0x00000022       0x23 main.o
 .comment       0x00000022       0x23 sinlut.o
 .comment       0x00000022       0x23 CharacterSheet.o
 .comment       0x00000022       0x23 EmberParticle.o
 .comment       0x00000022       0x23 HFireball.o
 .comment       0x00000022       0x23 Knight.o
 .comment       0x00000022       0x23 Mage.o
 .comment       0x00000022       0x23 TitleScreen.o
 .comment       0x00000022       0x23 VFireball.o
 .comment       0x00000022       0x23 f:/devkitpro/devkitarm/bin/../lib/gcc/arm-none-eabi/7.1.0/../../../../arm-none-eabi/lib/thumb\libg.a(lib_a-init.o)
 .comment       0x00000022       0x23 f:/devkitpro/devkitarm/bin/../lib/gcc/arm-none-eabi/7.1.0/../../../../arm-none-eabi/lib/thumb\libg.a(lib_a-memcpy-stub.o)
 .comment       0x00000022       0x23 f:/devkitpro/devkitarm/bin/../lib/gcc/arm-none-eabi/7.1.0/../../../../arm-none-eabi/lib/thumb\libsysbase.a(malloc_vars.o)
 .comment       0x00000022       0x23 f:/devkitpro/devkitarm/bin/../lib/gcc/arm-none-eabi/7.1.0/thumb/crtend.o

.debug
 *(.debug)

.line
 *(.line)

.debug_srcinfo
 *(.debug_srcinfo)

.debug_sfnames
 *(.debug_sfnames)

.debug_aranges  0x00000000      0x2c8
 *(.debug_aranges)
 .debug_aranges
                0x00000000       0x18 BG_Collisions.o
 .debug_aranges
                0x00000018       0x18 BG_Maps.o
 .debug_aranges
                0x00000030       0x18 BG_Palette.o
 .debug_aranges
                0x00000048       0x18 BG_Tiles.o
 .debug_aranges
                0x00000060       0x20 Collision.o
 .debug_aranges
                0x00000080       0x20 Enemy.o
 .debug_aranges
                0x000000a0       0x20 MemoryManager.o
 .debug_aranges
                0x000000c0       0x20 ParticleSystem.o
 .debug_aranges
                0x000000e0       0x20 Player.o
 .debug_aranges
                0x00000100       0x20 Projectile.o
 .debug_aranges
                0x00000120       0x20 fv2.o
 .debug_aranges
                0x00000140       0x20 gba_drawing.o
 .debug_aranges
                0x00000160       0x20 gba_gfx.o
 .debug_aranges
                0x00000180       0x20 gba_input.o
 .debug_aranges
                0x000001a0       0x20 gba_math.o
 .debug_aranges
                0x000001c0       0x20 gba_mathUtil.o
 .debug_aranges
                0x000001e0       0x28 main.o
 .debug_aranges
                0x00000208       0x18 sinlut.o
 .debug_aranges
                0x00000220       0x18 CharacterSheet.o
 .debug_aranges
                0x00000238       0x18 EmberParticle.o
 .debug_aranges
                0x00000250       0x18 HFireball.o
 .debug_aranges
                0x00000268       0x18 Knight.o
 .debug_aranges
                0x00000280       0x18 Mage.o
 .debug_aranges
                0x00000298       0x18 TitleScreen.o
 .debug_aranges
                0x000002b0       0x18 VFireball.o

.debug_pubnames
 *(.debug_pubnames)

.debug_info     0x00000000     0xa534
 *(.debug_info)
 .debug_info    0x00000000      0x10c BG_Collisions.o
 .debug_info    0x0000010c      0x10c BG_Maps.o
 .debug_info    0x00000218      0x10c BG_Palette.o
 .debug_info    0x00000324      0x10c BG_Tiles.o
 .debug_info    0x00000430      0x437 Collision.o
 .debug_info    0x00000867     0x1a49 Enemy.o
 .debug_info    0x000022b0      0x3ca MemoryManager.o
 .debug_info    0x0000267a     0x1311 ParticleSystem.o
 .debug_info    0x0000398b     0x1cfc Player.o
 .debug_info    0x00005687     0x1a5d Projectile.o
 .debug_info    0x000070e4      0x3bc fv2.o
 .debug_info    0x000074a0      0x2e3 gba_drawing.o
 .debug_info    0x00007783      0x92d gba_gfx.o
 .debug_info    0x000080b0      0x134 gba_input.o
 .debug_info    0x000081e4      0x339 gba_math.o
 .debug_info    0x0000851d      0x1b2 gba_mathUtil.o
 .debug_info    0x000086cf     0x1aa5 main.o
 .debug_info    0x0000a174       0x59 sinlut.o
 .debug_info    0x0000a1cd       0x83 CharacterSheet.o
 .debug_info    0x0000a250       0x82 EmberParticle.o
 .debug_info    0x0000a2d2       0x81 HFireball.o
 .debug_info    0x0000a353       0x83 Knight.o
 .debug_info    0x0000a3d6       0x83 Mage.o
 .debug_info    0x0000a459       0x5a TitleScreen.o
 .debug_info    0x0000a4b3       0x81 VFireball.o

.debug_abbrev   0x00000000     0x200c
 *(.debug_abbrev)
 .debug_abbrev  0x00000000       0x80 BG_Collisions.o
 .debug_abbrev  0x00000080       0x80 BG_Maps.o
 .debug_abbrev  0x00000100       0x80 BG_Palette.o
 .debug_abbrev  0x00000180       0x80 BG_Tiles.o
 .debug_abbrev  0x00000200      0x175 Collision.o
 .debug_abbrev  0x00000375      0x33b Enemy.o
 .debug_abbrev  0x000006b0      0x190 MemoryManager.o
 .debug_abbrev  0x00000840      0x2f3 ParticleSystem.o
 .debug_abbrev  0x00000b33      0x3ca Player.o
 .debug_abbrev  0x00000efd      0x329 Projectile.o
 .debug_abbrev  0x00001226      0x13f fv2.o
 .debug_abbrev  0x00001365       0xe4 gba_drawing.o
 .debug_abbrev  0x00001449      0x2bd gba_gfx.o
 .debug_abbrev  0x00001706       0xa7 gba_input.o
 .debug_abbrev  0x000017ad       0xed gba_math.o
 .debug_abbrev  0x0000189a      0x113 gba_mathUtil.o
 .debug_abbrev  0x000019ad      0x3c2 main.o
 .debug_abbrev  0x00001d6f       0x45 sinlut.o
 .debug_abbrev  0x00001db4       0x65 CharacterSheet.o
 .debug_abbrev  0x00001e19       0x51 EmberParticle.o
 .debug_abbrev  0x00001e6a       0x48 HFireball.o
 .debug_abbrev  0x00001eb2       0x65 Knight.o
 .debug_abbrev  0x00001f17       0x65 Mage.o
 .debug_abbrev  0x00001f7c       0x48 TitleScreen.o
 .debug_abbrev  0x00001fc4       0x48 VFireball.o

.debug_line     0x00000000     0x2d67
 *(.debug_line)
 .debug_line    0x00000000      0x165 BG_Collisions.o
 .debug_line    0x00000165      0x15f BG_Maps.o
 .debug_line    0x000002c4      0x162 BG_Palette.o
 .debug_line    0x00000426      0x160 BG_Tiles.o
 .debug_line    0x00000586      0x1c3 Collision.o
 .debug_line    0x00000749      0x54d Enemy.o
 .debug_line    0x00000c96      0x1fe MemoryManager.o
 .debug_line    0x00000e94      0x322 ParticleSystem.o
 .debug_line    0x000011b6      0x510 Player.o
 .debug_line    0x000016c6      0x47f Projectile.o
 .debug_line    0x00001b45      0x195 fv2.o
 .debug_line    0x00001cda      0x216 gba_drawing.o
 .debug_line    0x00001ef0      0x227 gba_gfx.o
 .debug_line    0x00002117      0x172 gba_input.o
 .debug_line    0x00002289      0x1a1 gba_math.o
 .debug_line    0x0000242a      0x189 gba_mathUtil.o
 .debug_line    0x000025b3      0x424 main.o
 .debug_line    0x000029d7       0x6f sinlut.o
 .debug_line    0x00002a46       0x77 CharacterSheet.o
 .debug_line    0x00002abd       0x76 EmberParticle.o
 .debug_line    0x00002b33       0x72 HFireball.o
 .debug_line    0x00002ba5       0x6f Knight.o
 .debug_line    0x00002c14       0x6d Mage.o
 .debug_line    0x00002c81       0x74 TitleScreen.o
 .debug_line    0x00002cf5       0x72 VFireball.o

.debug_frame    0x00000000      0x908
 *(.debug_frame)
 .debug_frame   0x00000000       0x68 Collision.o
 .debug_frame   0x00000068       0xcc Enemy.o
 .debug_frame   0x00000134       0xb4 MemoryManager.o
 .debug_frame   0x000001e8       0xa4 ParticleSystem.o
 .debug_frame   0x0000028c       0xf0 Player.o
 .debug_frame   0x0000037c       0xb4 Projectile.o
 .debug_frame   0x00000430       0xbc fv2.o
 .debug_frame   0x000004ec       0x6c gba_drawing.o
 .debug_frame   0x00000558      0x1a8 gba_gfx.o
 .debug_frame   0x00000700       0x20 gba_input.o
 .debug_frame   0x00000720       0xe8 gba_math.o
 .debug_frame   0x00000808       0x68 gba_mathUtil.o
 .debug_frame   0x00000870       0x98 main.o

.debug_str      0x00000000     0x19f4
 *(.debug_str)
 .debug_str     0x00000000      0x18d BG_Collisions.o
                                0x1ca (size before relaxing)
 .debug_str     0x0000018d       0x52 BG_Maps.o
                                0x1c4 (size before relaxing)
 .debug_str     0x000001df       0x55 BG_Palette.o
                                0x1c7 (size before relaxing)
 .debug_str     0x00000234       0x53 BG_Tiles.o
                                0x1c5 (size before relaxing)
 .debug_str     0x00000287      0x1fd Collision.o
                                0x30e (size before relaxing)
 .debug_str     0x00000484      0x832 Enemy.o
                                0xb33 (size before relaxing)
 .debug_str     0x00000cb6       0xca MemoryManager.o
                                0x26f (size before relaxing)
 .debug_str     0x00000d80      0x133 ParticleSystem.o
                                0x901 (size before relaxing)
 .debug_str     0x00000eb3      0x19f Player.o
                                0xb51 (size before relaxing)
 .debug_str     0x00001052       0xdd Projectile.o
                                0xb77 (size before relaxing)
 .debug_str     0x0000112f       0x70 fv2.o
                                0x1e1 (size before relaxing)
 .debug_str     0x0000119f       0xd4 gba_drawing.o
                                0x24a (size before relaxing)
 .debug_str     0x00001273      0x26d gba_gfx.o
                                0x4e1 (size before relaxing)
 .debug_str     0x000014e0       0x79 gba_input.o
                                0x1d3 (size before relaxing)
 .debug_str     0x00001559       0x88 gba_math.o
                                0x21a (size before relaxing)
 .debug_str     0x000015e1       0x67 gba_mathUtil.o
                                0x1c3 (size before relaxing)
 .debug_str     0x00001648      0x11c main.o
                                0xc8d (size before relaxing)
 .debug_str     0x00001764       0x4f sinlut.o
                                0x108 (size before relaxing)
 .debug_str     0x000017b3       0x57 CharacterSheet.o
                                0x137 (size before relaxing)
 .debug_str     0x0000180a       0x56 EmberParticle.o
                                0x134 (size before relaxing)
 .debug_str     0x00001860       0x52 HFireball.o
                                0x128 (size before relaxing)
 .debug_str     0x000018b2       0x4f Knight.o
                                0x11f (size before relaxing)
 .debug_str     0x00001901       0x4d Mage.o
                                0x119 (size before relaxing)
 .debug_str     0x0000194e       0x54 TitleScreen.o
                                0x120 (size before relaxing)
 .debug_str     0x000019a2       0x52 VFireball.o
                                0x128 (size before relaxing)

.debug_loc      0x00000000     0x3326
 *(.debug_loc)
 .debug_loc     0x00000000       0xb9 Collision.o
 .debug_loc     0x000000b9      0x3a2 Enemy.o
 .debug_loc     0x0000045b      0x4d6 MemoryManager.o
 .debug_loc     0x00000931      0x33e ParticleSystem.o
 .debug_loc     0x00000c6f      0x592 Player.o
 .debug_loc     0x00001201      0x66c Projectile.o
 .debug_loc     0x0000186d      0x214 fv2.o
 .debug_loc     0x00001a81      0x671 gba_drawing.o
 .debug_loc     0x000020f2      0xb77 gba_gfx.o
 .debug_loc     0x00002c69       0x53 gba_input.o
 .debug_loc     0x00002cbc      0x209 gba_math.o
 .debug_loc     0x00002ec5       0xc6 gba_mathUtil.o
 .debug_loc     0x00002f8b      0x39b main.o

.debug_macinfo
 *(.debug_macinfo)

.debug_weaknames
 *(.debug_weaknames)

.debug_funcnames
 *(.debug_funcnames)

.debug_typenames
 *(.debug_typenames)

.debug_varnames
 *(.debug_varnames)

.stack          0x00080000        0x0
                0x00080000                _stack = .
 *(.stack)

.note.gnu.arm.ident
 *(.note.gnu.arm.ident)

.ARM.attributes
                0x00000000       0x2c
 *(.ARM.attributes)
 .ARM.attributes
                0x00000000       0x20 f:/devkitpro/devkitarm/bin/../lib/gcc/arm-none-eabi/7.1.0/../../../../arm-none-eabi/lib/thumb/gba_crt0.o
 .ARM.attributes
                0x00000020       0x16 f:/devkitpro/devkitarm/bin/../lib/gcc/arm-none-eabi/7.1.0/thumb/crti.o
 .ARM.attributes
                0x00000036       0x30 f:/devkitpro/devkitarm/bin/../lib/gcc/arm-none-eabi/7.1.0/thumb/crtbegin.o
 .ARM.attributes
                0x00000066       0x30 BG_Collisions.o
 .ARM.attributes
                0x00000096       0x30 BG_Maps.o
 .ARM.attributes
                0x000000c6       0x30 BG_Palette.o
 .ARM.attributes
                0x000000f6       0x30 BG_Tiles.o
 .ARM.attributes
                0x00000126       0x30 Collision.o
 .ARM.attributes
                0x00000156       0x30 Enemy.o
 .ARM.attributes
                0x00000186       0x30 MemoryManager.o
 .ARM.attributes
                0x000001b6       0x30 ParticleSystem.o
 .ARM.attributes
                0x000001e6       0x30 Player.o
 .ARM.attributes
                0x00000216       0x30 Projectile.o
 .ARM.attributes
                0x00000246       0x30 fv2.o
 .ARM.attributes
                0x00000276       0x30 gba_drawing.o
 .ARM.attributes
                0x000002a6       0x30 gba_gfx.o
 .ARM.attributes
                0x000002d6       0x30 gba_input.o
 .ARM.attributes
                0x00000306       0x30 gba_math.o
 .ARM.attributes
                0x00000336       0x30 gba_mathUtil.o
 .ARM.attributes
                0x00000366       0x30 main.o
 .ARM.attributes
                0x00000396       0x30 sinlut.o
 .ARM.attributes
                0x000003c6       0x30 CharacterSheet.o
 .ARM.attributes
                0x000003f6       0x30 EmberParticle.o
 .ARM.attributes
                0x00000426       0x30 HFireball.o
 .ARM.attributes
                0x00000456       0x30 Knight.o
 .ARM.attributes
                0x00000486       0x30 Mage.o
 .ARM.attributes
                0x000004b6       0x30 TitleScreen.o
 .ARM.attributes
                0x000004e6       0x30 VFireball.o
 .ARM.attributes
                0x00000516       0x18 f:/devkitpro/devkitarm/bin/../lib/gcc/arm-none-eabi/7.1.0/thumb\libgcc.a(_divsi3.o)
 .ARM.attributes
                0x0000052e       0x16 f:/devkitpro/devkitarm/bin/../lib/gcc/arm-none-eabi/7.1.0/thumb\libgcc.a(_dvmd_tls.o)
 .ARM.attributes
                0x00000544       0x18 f:/devkitpro/devkitarm/bin/../lib/gcc/arm-none-eabi/7.1.0/thumb\libgcc.a(_arm_addsubsf3.o)
 .ARM.attributes
                0x0000055c       0x18 f:/devkitpro/devkitarm/bin/../lib/gcc/arm-none-eabi/7.1.0/thumb\libgcc.a(_arm_muldivsf3.o)
 .ARM.attributes
                0x00000574       0x18 f:/devkitpro/devkitarm/bin/../lib/gcc/arm-none-eabi/7.1.0/thumb\libgcc.a(_arm_fixsfsi.o)
 .ARM.attributes
                0x0000058c       0x30 f:/devkitpro/devkitarm/bin/../lib/gcc/arm-none-eabi/7.1.0/../../../../arm-none-eabi/lib/thumb\libg.a(lib_a-init.o)
 .ARM.attributes
                0x000005bc       0x30 f:/devkitpro/devkitarm/bin/../lib/gcc/arm-none-eabi/7.1.0/../../../../arm-none-eabi/lib/thumb\libg.a(lib_a-memcpy-stub.o)
 .ARM.attributes
                0x000005ec       0x30 f:/devkitpro/devkitarm/bin/../lib/gcc/arm-none-eabi/7.1.0/../../../../arm-none-eabi/lib/thumb\libsysbase.a(malloc_vars.o)
 .ARM.attributes
                0x0000061c       0x30 f:/devkitpro/devkitarm/bin/../lib/gcc/arm-none-eabi/7.1.0/thumb/crtend.o
 .ARM.attributes
                0x0000064c       0x16 f:/devkitpro/devkitarm/bin/../lib/gcc/arm-none-eabi/7.1.0/thumb/crtn.o

/DISCARD/
 *(.note.GNU-stack)
LOAD f:/devkitpro/devkitarm/bin/../lib/gcc/arm-none-eabi/7.1.0/../../../../arm-none-eabi/lib/thumb/gba_crt0.o
LOAD f:/devkitpro/devkitarm/bin/../lib/gcc/arm-none-eabi/7.1.0/thumb/crti.o
LOAD f:/devkitpro/devkitarm/bin/../lib/gcc/arm-none-eabi/7.1.0/thumb/crtbegin.o
LOAD BG_Collisions.o
LOAD BG_Maps.o
LOAD BG_Palette.o
LOAD BG_Tiles.o
LOAD Collision.o
LOAD Enemy.o
LOAD MemoryManager.o
LOAD ParticleSystem.o
LOAD Player.o
LOAD Projectile.o
LOAD fv2.o
LOAD gba_drawing.o
LOAD gba_gfx.o
LOAD gba_input.o
LOAD gba_math.o
LOAD gba_mathUtil.o
LOAD main.o
LOAD sinlut.o
LOAD CharacterSheet.o
LOAD EmberParticle.o
LOAD HFireball.o
LOAD Knight.o
LOAD Mage.o
LOAD TitleScreen.o
LOAD VFireball.o
LOAD f:/devkitPro/libgba/lib\libmm.a
LOAD f:/devkitPro/libgba/lib\libgba.a
LOAD f:/devkitpro/devkitarm/bin/../lib/gcc/arm-none-eabi/7.1.0/../../../../arm-none-eabi/lib/thumb\libstdc++.a
LOAD f:/devkitpro/devkitarm/bin/../lib/gcc/arm-none-eabi/7.1.0/../../../../arm-none-eabi/lib/thumb\libm.a
START GROUP
LOAD f:/devkitpro/devkitarm/bin/../lib/gcc/arm-none-eabi/7.1.0/thumb\libgcc.a
LOAD f:/devkitpro/devkitarm/bin/../lib/gcc/arm-none-eabi/7.1.0/../../../../arm-none-eabi/lib/thumb\libg.a
LOAD f:/devkitpro/devkitarm/bin/../lib/gcc/arm-none-eabi/7.1.0/../../../../arm-none-eabi/lib/thumb\libc.a
LOAD f:/devkitpro/devkitarm/bin/../lib/gcc/arm-none-eabi/7.1.0/../../../../arm-none-eabi/lib/thumb\libsysbase.a
END GROUP
LOAD f:/devkitpro/devkitarm/bin/../lib/gcc/arm-none-eabi/7.1.0/thumb/crtend.o
LOAD f:/devkitpro/devkitarm/bin/../lib/gcc/arm-none-eabi/7.1.0/thumb/crtn.o
OUTPUT(t:/GameDev/SourceTreeProjects/GBAProjects/GBAGame/ProjectFiles/ProjectFiles.elf elf32-littlearm)

.debug_ranges   0x00000000      0x258
 .debug_ranges  0x00000000       0x40 Enemy.o
 .debug_ranges  0x00000040       0x78 MemoryManager.o
 .debug_ranges  0x000000b8       0x18 ParticleSystem.o
 .debug_ranges  0x000000d0       0x48 Player.o
 .debug_ranges  0x00000118       0x60 Projectile.o
 .debug_ranges  0x00000178       0x20 gba_gfx.o
 .debug_ranges  0x00000198       0x20 gba_mathUtil.o
 .debug_ranges  0x000001b8       0xa0 main.o
